{
    "type": "minecraft:crafting_shaped",
    "pattern": [
      "II ",
      "IS ",
      " S "
    ],
    "key": {
      "S": {
        "item": "minecraft:stick"
      },
      "I": {
        "item": "dolphinsofthedeep:golden_delphinium_ingot"
      }
    },
    "result": {
      "item": "dolphinsofthedeep:golden_delphinium_axe",
      "count": 1
    }
  }