{
    "type": "minecraft:crafting_shaped",
    "pattern": [
      "   ",
      "I I",
      "I I"
    ],
    "key": {
      "I": {
        "item": "dolphinsofthedeep:golden_delphinium_ingot"
      }
    },
    "result": {
      "item": "dolphinsofthedeep:golden_delphinium_boots",
      "count": 1
    }
  }