{
  "type": "minecraft:crafting_shaped",
  "pattern": [
    "I I",
    "III",
    "III"
  ],
  "key": {
    "I": {
      "item": "dolphinsofthedeep:golden_delphinium_ingot"
    }
  },
  "result": {
    "item": "dolphinsofthedeep:golden_delphinium_chestplate",
    "count": 1
  }
}